// Vitest Snapshot v1, https://vitest.dev/guide/snapshot.html

exports[`LineGraphWithLegendCard Snapshot > matches snapshot 1`] = `
<div>
  <div
    class="bg-brand-base-light-variant border-base-light font-family-sans display-flex _container_eae08c display-inline-block"
    data-cy="currency-summary-card"
    style="padding: 20px 30px 30px 30px; height: 232px;"
  >
    <h3
      class="margin-0 margin-bottom-3 font-12px text-base-dark text-normal"
    >
      Test Heading
    </h3>
    <div>
      <div>
        <span
          class="font-sans-xl text-bold margin-bottom-0"
        >
          $ 3,000
        </span>
        <span
          class="font-sans-3xs text-bold margin-bottom-0"
        >
          .
          00
        </span>
      </div>
    </div>
    <div
      class="margin-top-2"
      id="line-graph-card-:r6:"
    >
      <div
        data-testid="mock-line-graph"
      >
        Mock Line Graph
      </div>
    </div>
    <div
      class="grid-row margin-top-2 font-12px"
    >
      <div
        class="grid-col-7"
      >
        <div
          class="display-flex flex-align-center"
        >
          <svg
            aria-hidden="true"
            class="svg-inline--fa fa-circle height-1 width-1 margin-right-05"
            data-icon="circle"
            data-prefix="fas"
            data-testid="legend-icon"
            focusable="false"
            role="img"
            style="color: rgb(255, 0, 0);"
            viewBox="0 0 512 512"
            xmlns="http://www.w3.org/2000/svg"
          >
            <path
              d="M256 512A256 256 0 1 0 256 0a256 256 0 1 0 0 512z"
              fill="currentColor"
            />
          </svg>
          <span
            class=""
            data-testid="label-container"
          >
            Test Label 1
          </span>
        </div>
      </div>
      <div
        class="grid-col-4"
      >
        <span
          class=""
          data-testid="value-container"
        >
          $ 1,000
        </span>
      </div>
      <div
        class="grid-col-1"
      >
        <span
          class="font-12px height-205 radius-md bg-white text-brand-neutral-dark  undefined"
          data-testid="legend-tag"
          style="padding: .25em .5em;"
        >
          50%
        </span>
      </div>
    </div>
    <div
      class="grid-row margin-top-2 font-12px"
    >
      <div
        class="grid-col-7"
      >
        <div
          class="display-flex flex-align-center"
        >
          <svg
            aria-hidden="true"
            class="svg-inline--fa fa-circle height-1 width-1 margin-right-05"
            data-icon="circle"
            data-prefix="fas"
            data-testid="legend-icon"
            focusable="false"
            role="img"
            style="color: rgb(0, 255, 0);"
            viewBox="0 0 512 512"
            xmlns="http://www.w3.org/2000/svg"
          >
            <path
              d="M256 512A256 256 0 1 0 256 0a256 256 0 1 0 0 512z"
              fill="currentColor"
            />
          </svg>
          <span
            class=""
            data-testid="label-container"
          >
            Test Label 2
          </span>
        </div>
      </div>
      <div
        class="grid-col-4"
      >
        <span
          class=""
          data-testid="value-container"
        >
          $ 2,000
        </span>
      </div>
      <div
        class="grid-col-1"
      >
        <span
          class="font-12px height-205 radius-md bg-white text-brand-neutral-dark  undefined"
          data-testid="legend-tag"
          style="padding: .25em .5em;"
        >
          30%
        </span>
      </div>
    </div>
  </div>
</div>
`;
